2026-02-19 10:20:17 [[32minfo[39m]: Created user:
2026-02-19 10:20:17 [[32minfo[39m]: All users:
2026-02-19 10:27:36 [[31merror[39m]: 
Invalid `prisma.user.create()` invocation in
C:\Users\USER\Dev\myPersonalPortfolio\novainvest\backend\prisma\query.ts:5:34

  2 import logger from "../winstonlog/logger.js";
  3 async function main() {
  4   // Create a new user with a post
→ 5   const user = await prisma.user.create(
Unique constraint failed on the fields: (`email`) {
  "code": "P2002",
  "meta": {
    "modelName": "User",
    "driverAdapterError": {
      "name": "DriverAdapterError",
      "cause": {
        "originalCode": "23505",
        "originalMessage": "duplicate key value violates unique constraint \"User_email_key\"",
        "kind": "UniqueConstraintViolation",
        "constraint": {
          "fields": [
            "email"
          ]
        }
      }
    }
  },
  "clientVersion": "7.4.0",
  "name": "PrismaClientKnownRequestError"
}
2026-02-19 10:28:33 [[32minfo[39m]: Created user: {
  "id": "cmlt9dovk000010j2pnsfc71k",
  "email": "dev-1771493313395@mail.com",
  "username": "tboy-1771493313395",
  "password": "PASSWORD",
  "fullname": "dev",
  "roles": "USER",
  "createdAt": "2026-02-19T09:28:33.584Z",
  "updatedAt": "2026-02-19T09:28:33.584Z"
}
2026-02-19 10:28:33 [[32minfo[39m]: All users: {
  "0": "[",
  "1": "\n",
  "2": " ",
  "3": " ",
  "4": "{",
  "5": "\n",
  "6": " ",
  "7": " ",
  "8": " ",
  "9": " ",
  "10": "\"",
  "11": "i",
  "12": "d",
  "13": "\"",
  "14": ":",
  "15": " ",
  "16": "\"",
  "17": "c",
  "18": "m",
  "19": "l",
  "20": "t",
  "21": "9",
  "22": "3",
  "23": "1",
  "24": "l",
  "25": "g",
  "26": "0",
  "27": "0",
  "28": "0",
  "29": "0",
  "30": "1",
  "31": "k",
  "32": "j",
  "33": "2",
  "34": "v",
  "35": "f",
  "36": "h",
  "37": "g",
  "38": "0",
  "39": "n",
  "40": "b",
  "41": "s",
  "42": "\"",
  "43": ",",
  "44": "\n",
  "45": " ",
  "46": " ",
  "47": " ",
  "48": " ",
  "49": "\"",
  "50": "e",
  "51": "m",
  "52": "a",
  "53": "i",
  "54": "l",
  "55": "\"",
  "56": ":",
  "57": " ",
  "58": "\"",
  "59": "d",
  "60": "e",
  "61": "v",
  "62": "@",
  "63": "m",
  "64": "a",
  "65": "i",
  "66": "l",
  "67": ".",
  "68": "c",
  "69": "o",
  "70": "m",
  "71": "\"",
  "72": ",",
  "73": "\n",
  "74": " ",
  "75": " ",
  "76": " ",
  "77": " ",
  "78": "\"",
  "79": "u",
  "80": "s",
  "81": "e",
  "82": "r",
  "83": "n",
  "84": "a",
  "85": "m",
  "86": "e",
  "87": "\"",
  "88": ":",
  "89": " ",
  "90": "\"",
  "91": "t",
  "92": "b",
  "93": "o",
  "94": "y",
  "95": "\"",
  "96": ",",
  "97": "\n",
  "98": " ",
  "99": " ",
  "100": " ",
  "101": " ",
  "102": "\"",
  "103": "p",
  "104": "a",
  "105": "s",
  "106": "s",
  "107": "w",
  "108": "o",
  "109": "r",
  "110": "d",
  "111": "\"",
  "112": ":",
  "113": " ",
  "114": "\"",
  "115": "P",
  "116": "A",
  "117": "S",
  "118": "S",
  "119": "W",
  "120": "O",
  "121": "R",
  "122": "D",
  "123": "\"",
  "124": ",",
  "125": "\n",
  "126": " ",
  "127": " ",
  "128": " ",
  "129": " ",
  "130": "\"",
  "131": "f",
  "132": "u",
  "133": "l",
  "134": "l",
  "135": "n",
  "136": "a",
  "137": "m",
  "138": "e",
  "139": "\"",
  "140": ":",
  "141": " ",
  "142": "\"",
  "143": "d",
  "144": "e",
  "145": "v",
  "146": "\"",
  "147": ",",
  "148": "\n",
  "149": " ",
  "150": " ",
  "151": " ",
  "152": " ",
  "153": "\"",
  "154": "r",
  "155": "o",
  "156": "l",
  "157": "e",
  "158": "s",
  "159": "\"",
  "160": ":",
  "161": " ",
  "162": "\"",
  "163": "U",
  "164": "S",
  "165": "E",
  "166": "R",
  "167": "\"",
  "168": ",",
  "169": "\n",
  "170": " ",
  "171": " ",
  "172": " ",
  "173": " ",
  "174": "\"",
  "175": "c",
  "176": "r",
  "177": "e",
  "178": "a",
  "179": "t",
  "180": "e",
  "181": "d",
  "182": "A",
  "183": "t",
  "184": "\"",
  "185": ":",
  "186": " ",
  "187": "\"",
  "188": "2",
  "189": "0",
  "190": "2",
  "191": "6",
  "192": "-",
  "193": "0",
  "194": "2",
  "195": "-",
  "196": "1",
  "197": "9",
  "198": "T",
  "199": "0",
  "200": "9",
  "201": ":",
  "202": "2",
  "203": "0",
  "204": ":",
  "205": "1",
  "206": "6",
  "207": ".",
  "208": "8",
  "209": "5",
  "210": "0",
  "211": "Z",
  "212": "\"",
  "213": ",",
  "214": "\n",
  "215": " ",
  "216": " ",
  "217": " ",
  "218": " ",
  "219": "\"",
  "220": "u",
  "221": "p",
  "222": "d",
  "223": "a",
  "224": "t",
  "225": "e",
  "226": "d",
  "227": "A",
  "228": "t",
  "229": "\"",
  "230": ":",
  "231": " ",
  "232": "\"",
  "233": "2",
  "234": "0",
  "235": "2",
  "236": "6",
  "237": "-",
  "238": "0",
  "239": "2",
  "240": "-",
  "241": "1",
  "242": "9",
  "243": "T",
  "244": "0",
  "245": "9",
  "246": ":",
  "247": "2",
  "248": "0",
  "249": ":",
  "250": "1",
  "251": "6",
  "252": ".",
  "253": "8",
  "254": "5",
  "255": "0",
  "256": "Z",
  "257": "\"",
  "258": "\n",
  "259": " ",
  "260": " ",
  "261": "}",
  "262": ",",
  "263": "\n",
  "264": " ",
  "265": " ",
  "266": "{",
  "267": "\n",
  "268": " ",
  "269": " ",
  "270": " ",
  "271": " ",
  "272": "\"",
  "273": "i",
  "274": "d",
  "275": "\"",
  "276": ":",
  "277": " ",
  "278": "\"",
  "279": "c",
  "280": "m",
  "281": "l",
  "282": "t",
  "283": "9",
  "284": "d",
  "285": "o",
  "286": "v",
  "287": "k",
  "288": "0",
  "289": "0",
  "290": "0",
  "291": "0",
  "292": "1",
  "293": "0",
  "294": "j",
  "295": "2",
  "296": "p",
  "297": "n",
  "298": "s",
  "299": "f",
  "300": "c",
  "301": "7",
  "302": "1",
  "303": "k",
  "304": "\"",
  "305": ",",
  "306": "\n",
  "307": " ",
  "308": " ",
  "309": " ",
  "310": " ",
  "311": "\"",
  "312": "e",
  "313": "m",
  "314": "a",
  "315": "i",
  "316": "l",
  "317": "\"",
  "318": ":",
  "319": " ",
  "320": "\"",
  "321": "d",
  "322": "e",
  "323": "v",
  "324": "-",
  "325": "1",
  "326": "7",
  "327": "7",
  "328": "1",
  "329": "4",
  "330": "9",
  "331": "3",
  "332": "3",
  "333": "1",
  "334": "3",
  "335": "3",
  "336": "9",
  "337": "5",
  "338": "@",
  "339": "m",
  "340": "a",
  "341": "i",
  "342": "l",
  "343": ".",
  "344": "c",
  "345": "o",
  "346": "m",
  "347": "\"",
  "348": ",",
  "349": "\n",
  "350": " ",
  "351": " ",
  "352": " ",
  "353": " ",
  "354": "\"",
  "355": "u",
  "356": "s",
  "357": "e",
  "358": "r",
  "359": "n",
  "360": "a",
  "361": "m",
  "362": "e",
  "363": "\"",
  "364": ":",
  "365": " ",
  "366": "\"",
  "367": "t",
  "368": "b",
  "369": "o",
  "370": "y",
  "371": "-",
  "372": "1",
  "373": "7",
  "374": "7",
  "375": "1",
  "376": "4",
  "377": "9",
  "378": "3",
  "379": "3",
  "380": "1",
  "381": "3",
  "382": "3",
  "383": "9",
  "384": "5",
  "385": "\"",
  "386": ",",
  "387": "\n",
  "388": " ",
  "389": " ",
  "390": " ",
  "391": " ",
  "392": "\"",
  "393": "p",
  "394": "a",
  "395": "s",
  "396": "s",
  "397": "w",
  "398": "o",
  "399": "r",
  "400": "d",
  "401": "\"",
  "402": ":",
  "403": " ",
  "404": "\"",
  "405": "P",
  "406": "A",
  "407": "S",
  "408": "S",
  "409": "W",
  "410": "O",
  "411": "R",
  "412": "D",
  "413": "\"",
  "414": ",",
  "415": "\n",
  "416": " ",
  "417": " ",
  "418": " ",
  "419": " ",
  "420": "\"",
  "421": "f",
  "422": "u",
  "423": "l",
  "424": "l",
  "425": "n",
  "426": "a",
  "427": "m",
  "428": "e",
  "429": "\"",
  "430": ":",
  "431": " ",
  "432": "\"",
  "433": "d",
  "434": "e",
  "435": "v",
  "436": "\"",
  "437": ",",
  "438": "\n",
  "439": " ",
  "440": " ",
  "441": " ",
  "442": " ",
  "443": "\"",
  "444": "r",
  "445": "o",
  "446": "l",
  "447": "e",
  "448": "s",
  "449": "\"",
  "450": ":",
  "451": " ",
  "452": "\"",
  "453": "U",
  "454": "S",
  "455": "E",
  "456": "R",
  "457": "\"",
  "458": ",",
  "459": "\n",
  "460": " ",
  "461": " ",
  "462": " ",
  "463": " ",
  "464": "\"",
  "465": "c",
  "466": "r",
  "467": "e",
  "468": "a",
  "469": "t",
  "470": "e",
  "471": "d",
  "472": "A",
  "473": "t",
  "474": "\"",
  "475": ":",
  "476": " ",
  "477": "\"",
  "478": "2",
  "479": "0",
  "480": "2",
  "481": "6",
  "482": "-",
  "483": "0",
  "484": "2",
  "485": "-",
  "486": "1",
  "487": "9",
  "488": "T",
  "489": "0",
  "490": "9",
  "491": ":",
  "492": "2",
  "493": "8",
  "494": ":",
  "495": "3",
  "496": "3",
  "497": ".",
  "498": "5",
  "499": "8",
  "500": "4",
  "501": "Z",
  "502": "\"",
  "503": ",",
  "504": "\n",
  "505": " ",
  "506": " ",
  "507": " ",
  "508": " ",
  "509": "\"",
  "510": "u",
  "511": "p",
  "512": "d",
  "513": "a",
  "514": "t",
  "515": "e",
  "516": "d",
  "517": "A",
  "518": "t",
  "519": "\"",
  "520": ":",
  "521": " ",
  "522": "\"",
  "523": "2",
  "524": "0",
  "525": "2",
  "526": "6",
  "527": "-",
  "528": "0",
  "529": "2",
  "530": "-",
  "531": "1",
  "532": "9",
  "533": "T",
  "534": "0",
  "535": "9",
  "536": ":",
  "537": "2",
  "538": "8",
  "539": ":",
  "540": "3",
  "541": "3",
  "542": ".",
  "543": "5",
  "544": "8",
  "545": "4",
  "546": "Z",
  "547": "\"",
  "548": "\n",
  "549": " ",
  "550": " ",
  "551": "}",
  "552": "\n",
  "553": "]"
}
2026-02-19 10:28:50 [[32minfo[39m]: Created user: {
  "id": "cmlt9e1u90000kwj2h59rxfr2",
  "email": "dev-1771493330147@mail.com",
  "username": "tboy-1771493330147",
  "password": "PASSWORD",
  "fullname": "dev",
  "roles": "USER",
  "createdAt": "2026-02-19T09:28:50.383Z",
  "updatedAt": "2026-02-19T09:28:50.383Z"
}
2026-02-19 10:28:50 [[32minfo[39m]: All users: {
  "0": {
    "id": "cmlt931lg00001kj2vfhg0nbs",
    "email": "dev@mail.com",
    "username": "tboy",
    "password": "PASSWORD",
    "fullname": "dev",
    "roles": "USER",
    "createdAt": "2026-02-19T09:20:16.850Z",
    "updatedAt": "2026-02-19T09:20:16.850Z"
  },
  "1": {
    "id": "cmlt9dovk000010j2pnsfc71k",
    "email": "dev-1771493313395@mail.com",
    "username": "tboy-1771493313395",
    "password": "PASSWORD",
    "fullname": "dev",
    "roles": "USER",
    "createdAt": "2026-02-19T09:28:33.584Z",
    "updatedAt": "2026-02-19T09:28:33.584Z"
  },
  "2": {
    "id": "cmlt9e1u90000kwj2h59rxfr2",
    "email": "dev-1771493330147@mail.com",
    "username": "tboy-1771493330147",
    "password": "PASSWORD",
    "fullname": "dev",
    "roles": "USER",
    "createdAt": "2026-02-19T09:28:50.383Z",
    "updatedAt": "2026-02-19T09:28:50.383Z"
  }
}
2026-02-19 10:31:36 [[32minfo[39m]: Created user: {
  "id": "cmlt9hll700007oj2kzgqo66l",
  "email": "dev-1771493495775@mail.com",
  "username": "tboy-1771493495775",
  "password": "PASSWORD",
  "fullname": "dev",
  "roles": "USER",
  "createdAt": "2026-02-19T09:31:35.946Z",
  "updatedAt": "2026-02-19T09:31:35.946Z"
}
2026-02-19 10:31:36 [[32minfo[39m]: All users: {
  "0": {
    "id": "cmlt931lg00001kj2vfhg0nbs",
    "email": "dev@mail.com",
    "username": "tboy",
    "password": "PASSWORD",
    "fullname": "dev",
    "roles": "USER",
    "createdAt": "2026-02-19T09:20:16.850Z",
    "updatedAt": "2026-02-19T09:20:16.850Z"
  },
  "1": {
    "id": "cmlt9dovk000010j2pnsfc71k",
    "email": "dev-1771493313395@mail.com",
    "username": "tboy-1771493313395",
    "password": "PASSWORD",
    "fullname": "dev",
    "roles": "USER",
    "createdAt": "2026-02-19T09:28:33.584Z",
    "updatedAt": "2026-02-19T09:28:33.584Z"
  },
  "2": {
    "id": "cmlt9e1u90000kwj2h59rxfr2",
    "email": "dev-1771493330147@mail.com",
    "username": "tboy-1771493330147",
    "password": "PASSWORD",
    "fullname": "dev",
    "roles": "USER",
    "createdAt": "2026-02-19T09:28:50.383Z",
    "updatedAt": "2026-02-19T09:28:50.383Z"
  },
  "3": {
    "id": "cmlt9hll700007oj2kzgqo66l",
    "email": "dev-1771493495775@mail.com",
    "username": "tboy-1771493495775",
    "password": "PASSWORD",
    "fullname": "dev",
    "roles": "USER",
    "createdAt": "2026-02-19T09:31:35.946Z",
    "updatedAt": "2026-02-19T09:31:35.946Z"
  }
}
2026-02-19 10:32:20 [[31merror[39m]: 
Invalid `prisma.user.create()` invocation in
C:\Users\USER\Dev\myPersonalPortfolio\novainvest\backend\prisma\query.ts:6:34

  3 async function main() {
  4   // Create a new user with a post
  5   const timestamp = Date.now();
→ 6   const user = await prisma.user.create(
Unique constraint failed on the fields: (`email`) {
  "code": "P2002",
  "meta": {
    "modelName": "User",
    "driverAdapterError": {
      "name": "DriverAdapterError",
      "cause": {
        "originalCode": "23505",
        "originalMessage": "duplicate key value violates unique constraint \"User_email_key\"",
        "kind": "UniqueConstraintViolation",
        "constraint": {
          "fields": [
            "email"
          ]
        }
      }
    }
  },
  "clientVersion": "7.4.0",
  "name": "PrismaClientKnownRequestError"
}
2026-02-19 10:39:02 [error]: undefined {
  "code": "P2002",
  "meta": {
    "modelName": "User",
    "driverAdapterError": {
      "name": "DriverAdapterError",
      "cause": {
        "originalCode": "23505",
        "originalMessage": "duplicate key value violates unique constraint \"User_email_key\"",
        "kind": "UniqueConstraintViolation",
        "constraint": {
          "fields": [
            "email"
          ]
        }
      }
    }
  },
  "clientVersion": "7.4.0",
  "name": "PrismaClientKnownRequestError"
}
2026-02-21 06:48:06 [info]: user created {
  "id": "cmlvwdvu60000t0j29nko6bse",
  "email": "tboy@mail.com",
  "username": "cimess",
  "password": "$2b$10$31tpd.EaKLyWx7ZDtuAI2ev.djy1GJ0L6FYuwjrEK2z7eNmnIUk.q",
  "fullname": "thankGod",
  "roles": "USER",
  "createdAt": "2026-02-21T05:48:06.125Z",
  "updatedAt": "2026-02-21T05:48:06.125Z"
}
2026-02-21 07:13:20 [error]: undefined {
  "code": "P2002",
  "meta": {
    "modelName": "User",
    "driverAdapterError": {
      "name": "DriverAdapterError",
      "cause": {
        "originalCode": "23505",
        "originalMessage": "duplicate key value violates unique constraint \"User_email_key\"",
        "kind": "UniqueConstraintViolation",
        "constraint": {
          "fields": [
            "email"
          ]
        }
      }
    }
  },
  "clientVersion": "7.4.0",
  "name": "PrismaClientKnownRequestError"
}
2026-02-21 07:13:27 [error]: undefined {
  "code": "P2002",
  "meta": {
    "modelName": "User",
    "driverAdapterError": {
      "name": "DriverAdapterError",
      "cause": {
        "originalCode": "23505",
        "originalMessage": "duplicate key value violates unique constraint \"User_email_key\"",
        "kind": "UniqueConstraintViolation",
        "constraint": {
          "fields": [
            "email"
          ]
        }
      }
    }
  },
  "clientVersion": "7.4.0",
  "name": "PrismaClientKnownRequestError"
}
2026-02-21 07:16:47 [error]: undefined {
  "code": "P1001",
  "meta": {
    "modelName": "User",
    "driverAdapterError": {
      "name": "DriverAdapterError",
      "cause": {
        "kind": "DatabaseNotReachable",
        "host": "base"
      }
    }
  },
  "clientVersion": "7.4.0",
  "name": "PrismaClientKnownRequestError"
}
2026-02-21 07:17:21 [error]: undefined {
  "code": "P1001",
  "meta": {
    "modelName": "User",
    "driverAdapterError": {
      "name": "DriverAdapterError",
      "cause": {
        "kind": "DatabaseNotReachable",
        "host": "base"
      }
    }
  },
  "clientVersion": "7.4.0",
  "name": "PrismaClientKnownRequestError"
}
2026-02-21 07:18:08 [error]: undefined {
  "code": "P1001",
  "meta": {
    "modelName": "User",
    "driverAdapterError": {
      "name": "DriverAdapterError",
      "cause": {
        "kind": "DatabaseNotReachable",
        "host": "base"
      }
    }
  },
  "clientVersion": "7.4.0",
  "name": "PrismaClientKnownRequestError"
}
2026-02-21 07:18:19 [error]: undefined {
  "code": "P1001",
  "meta": {
    "modelName": "User",
    "driverAdapterError": {
      "name": "DriverAdapterError",
      "cause": {
        "kind": "DatabaseNotReachable",
        "host": "base"
      }
    }
  },
  "clientVersion": "7.4.0",
  "name": "PrismaClientKnownRequestError"
}
2026-02-21 07:38:56 [error]: undefined {
  "code": "P2002",
  "meta": {
    "modelName": "User",
    "driverAdapterError": {
      "name": "DriverAdapterError",
      "cause": {
        "originalCode": "23505",
        "originalMessage": "duplicate key value violates unique constraint \"User_email_key\"",
        "kind": "UniqueConstraintViolation",
        "constraint": {
          "fields": [
            "email"
          ]
        }
      }
    }
  },
  "clientVersion": "7.4.0",
  "name": "PrismaClientKnownRequestError"
}
2026-02-22 16:38:38 [info]: token {
  "0": "e",
  "1": "y",
  "2": "J",
  "3": "h",
  "4": "b",
  "5": "G",
  "6": "c",
  "7": "i",
  "8": "O",
  "9": "i",
  "10": "J",
  "11": "I",
  "12": "U",
  "13": "z",
  "14": "I",
  "15": "1",
  "16": "N",
  "17": "i",
  "18": "I",
  "19": "s",
  "20": "I",
  "21": "n",
  "22": "R",
  "23": "5",
  "24": "c",
  "25": "C",
  "26": "I",
  "27": "6",
  "28": "I",
  "29": "k",
  "30": "p",
  "31": "X",
  "32": "V",
  "33": "C",
  "34": "J",
  "35": "9",
  "36": ".",
  "37": "e",
  "38": "y",
  "39": "J",
  "40": "p",
  "41": "Z",
  "42": "C",
  "43": "I",
  "44": "6",
  "45": "I",
  "46": "m",
  "47": "N",
  "48": "t",
  "49": "b",
  "50": "H",
  "51": "Z",
  "52": "3",
  "53": "Z",
  "54": "H",
  "55": "Z",
  "56": "1",
  "57": "N",
  "58": "j",
  "59": "A",
  "60": "w",
  "61": "M",
  "62": "D",
  "63": "B",
  "64": "0",
  "65": "M",
  "66": "G",
  "67": "o",
  "68": "y",
  "69": "O",
  "70": "W",
  "71": "5",
  "72": "r",
  "73": "b",
  "74": "z",
  "75": "Z",
  "76": "i",
  "77": "c",
  "78": "2",
  "79": "U",
  "80": "i",
  "81": "L",
  "82": "C",
  "83": "J",
  "84": "y",
  "85": "b",
  "86": "2",
  "87": "x",
  "88": "l",
  "89": "c",
  "90": "y",
  "91": "I",
  "92": "6",
  "93": "I",
  "94": "l",
  "95": "V",
  "96": "T",
  "97": "R",
  "98": "V",
  "99": "I",
  "100": "i",
  "101": "L",
  "102": "C",
  "103": "J",
  "104": "p",
  "105": "Y",
  "106": "X",
  "107": "Q",
  "108": "i",
  "109": "O",
  "110": "j",
  "111": "E",
  "112": "3",
  "113": "N",
  "114": "z",
  "115": "E",
  "116": "3",
  "117": "N",
  "118": "z",
  "119": "Q",
  "120": "x",
  "121": "M",
  "122": "z",
  "123": "U",
  "124": "s",
  "125": "I",
  "126": "m",
  "127": "V",
  "128": "4",
  "129": "c",
  "130": "C",
  "131": "I",
  "132": "6",
  "133": "M",
  "134": "T",
  "135": "c",
  "136": "3",
  "137": "M",
  "138": "j",
  "139": "M",
  "140": "3",
  "141": "O",
  "142": "D",
  "143": "k",
  "144": "z",
  "145": "N",
  "146": "X",
  "147": "0",
  "148": ".",
  "149": "t",
  "150": "r",
  "151": "y",
  "152": "U",
  "153": "O",
  "154": "t",
  "155": "c",
  "156": "T",
  "157": "H",
  "158": "m",
  "159": "D",
  "160": "o",
  "161": "W",
  "162": "T",
  "163": "b",
  "164": "7",
  "165": "D",
  "166": "d",
  "167": "m",
  "168": "4",
  "169": "5",
  "170": "s",
  "171": "D",
  "172": "c",
  "173": "V",
  "174": "W",
  "175": "6",
  "176": "q",
  "177": "0",
  "178": "s",
  "179": "b",
  "180": "K",
  "181": "J",
  "182": "K",
  "183": "i",
  "184": "N",
  "185": "p",
  "186": "T",
  "187": "2",
  "188": "c",
  "189": "H",
  "190": "g",
  "191": "c"
}
2026-02-22 16:38:38 [info]: decodedToken
2026-02-22 16:41:29 [info]: token {
  "0": "e",
  "1": "y",
  "2": "J",
  "3": "h",
  "4": "b",
  "5": "G",
  "6": "c",
  "7": "i",
  "8": "O",
  "9": "i",
  "10": "J",
  "11": "I",
  "12": "U",
  "13": "z",
  "14": "I",
  "15": "1",
  "16": "N",
  "17": "i",
  "18": "I",
  "19": "s",
  "20": "I",
  "21": "n",
  "22": "R",
  "23": "5",
  "24": "c",
  "25": "C",
  "26": "I",
  "27": "6",
  "28": "I",
  "29": "k",
  "30": "p",
  "31": "X",
  "32": "V",
  "33": "C",
  "34": "J",
  "35": "9",
  "36": ".",
  "37": "e",
  "38": "y",
  "39": "J",
  "40": "p",
  "41": "Z",
  "42": "C",
  "43": "I",
  "44": "6",
  "45": "I",
  "46": "m",
  "47": "N",
  "48": "t",
  "49": "b",
  "50": "H",
  "51": "Z",
  "52": "3",
  "53": "Z",
  "54": "H",
  "55": "Z",
  "56": "1",
  "57": "N",
  "58": "j",
  "59": "A",
  "60": "w",
  "61": "M",
  "62": "D",
  "63": "B",
  "64": "0",
  "65": "M",
  "66": "G",
  "67": "o",
  "68": "y",
  "69": "O",
  "70": "W",
  "71": "5",
  "72": "r",
  "73": "b",
  "74": "z",
  "75": "Z",
  "76": "i",
  "77": "c",
  "78": "2",
  "79": "U",
  "80": "i",
  "81": "L",
  "82": "C",
  "83": "J",
  "84": "y",
  "85": "b",
  "86": "2",
  "87": "x",
  "88": "l",
  "89": "c",
  "90": "y",
  "91": "I",
  "92": "6",
  "93": "I",
  "94": "l",
  "95": "V",
  "96": "T",
  "97": "R",
  "98": "V",
  "99": "I",
  "100": "i",
  "101": "L",
  "102": "C",
  "103": "J",
  "104": "p",
  "105": "Y",
  "106": "X",
  "107": "Q",
  "108": "i",
  "109": "O",
  "110": "j",
  "111": "E",
  "112": "3",
  "113": "N",
  "114": "z",
  "115": "E",
  "116": "3",
  "117": "N",
  "118": "z",
  "119": "Q",
  "120": "3",
  "121": "N",
  "122": "z",
  "123": "E",
  "124": "s",
  "125": "I",
  "126": "m",
  "127": "V",
  "128": "4",
  "129": "c",
  "130": "C",
  "131": "I",
  "132": "6",
  "133": "M",
  "134": "T",
  "135": "c",
  "136": "3",
  "137": "M",
  "138": "j",
  "139": "M",
  "140": "3",
  "141": "O",
  "142": "T",
  "143": "U",
  "144": "3",
  "145": "M",
  "146": "X",
  "147": "0",
  "148": ".",
  "149": "2",
  "150": "E",
  "151": "r",
  "152": "H",
  "153": "n",
  "154": "u",
  "155": "o",
  "156": "H",
  "157": "c",
  "158": "a",
  "159": "6",
  "160": "y",
  "161": "Y",
  "162": "J",
  "163": "U",
  "164": "-",
  "165": "p",
  "166": "Z",
  "167": "I",
  "168": "O",
  "169": "H",
  "170": "2",
  "171": "Y",
  "172": "R",
  "173": "G",
  "174": "6",
  "175": "P",
  "176": "E",
  "177": "D",
  "178": "c",
  "179": "I",
  "180": "B",
  "181": "b",
  "182": "n",
  "183": "4",
  "184": "G",
  "185": "v",
  "186": "m",
  "187": "k",
  "188": "3",
  "189": "q",
  "190": "v",
  "191": "Q"
}
2026-02-22 16:41:29 [info]: decodedToken
2026-02-22 16:43:09 [info]: token {
  "0": "e",
  "1": "y",
  "2": "J",
  "3": "h",
  "4": "b",
  "5": "G",
  "6": "c",
  "7": "i",
  "8": "O",
  "9": "i",
  "10": "J",
  "11": "I",
  "12": "U",
  "13": "z",
  "14": "I",
  "15": "1",
  "16": "N",
  "17": "i",
  "18": "I",
  "19": "s",
  "20": "I",
  "21": "n",
  "22": "R",
  "23": "5",
  "24": "c",
  "25": "C",
  "26": "I",
  "27": "6",
  "28": "I",
  "29": "k",
  "30": "p",
  "31": "X",
  "32": "V",
  "33": "C",
  "34": "J",
  "35": "9",
  "36": ".",
  "37": "e",
  "38": "y",
  "39": "J",
  "40": "p",
  "41": "Z",
  "42": "C",
  "43": "I",
  "44": "6",
  "45": "I",
  "46": "m",
  "47": "N",
  "48": "t",
  "49": "b",
  "50": "H",
  "51": "Z",
  "52": "3",
  "53": "Z",
  "54": "H",
  "55": "Z",
  "56": "1",
  "57": "N",
  "58": "j",
  "59": "A",
  "60": "w",
  "61": "M",
  "62": "D",
  "63": "B",
  "64": "0",
  "65": "M",
  "66": "G",
  "67": "o",
  "68": "y",
  "69": "O",
  "70": "W",
  "71": "5",
  "72": "r",
  "73": "b",
  "74": "z",
  "75": "Z",
  "76": "i",
  "77": "c",
  "78": "2",
  "79": "U",
  "80": "i",
  "81": "L",
  "82": "C",
  "83": "J",
  "84": "y",
  "85": "b",
  "86": "2",
  "87": "x",
  "88": "l",
  "89": "c",
  "90": "y",
  "91": "I",
  "92": "6",
  "93": "I",
  "94": "l",
  "95": "V",
  "96": "T",
  "97": "R",
  "98": "V",
  "99": "I",
  "100": "i",
  "101": "L",
  "102": "C",
  "103": "J",
  "104": "p",
  "105": "Y",
  "106": "X",
  "107": "Q",
  "108": "i",
  "109": "O",
  "110": "j",
  "111": "E",
  "112": "3",
  "113": "N",
  "114": "z",
  "115": "E",
  "116": "3",
  "117": "N",
  "118": "z",
  "119": "Q",
  "120": "3",
  "121": "N",
  "122": "z",
  "123": "E",
  "124": "s",
  "125": "I",
  "126": "m",
  "127": "V",
  "128": "4",
  "129": "c",
  "130": "C",
  "131": "I",
  "132": "6",
  "133": "M",
  "134": "T",
  "135": "c",
  "136": "3",
  "137": "M",
  "138": "j",
  "139": "M",
  "140": "3",
  "141": "O",
  "142": "T",
  "143": "U",
  "144": "3",
  "145": "M",
  "146": "X",
  "147": "0",
  "148": ".",
  "149": "2",
  "150": "E",
  "151": "r",
  "152": "H",
  "153": "n",
  "154": "u",
  "155": "o",
  "156": "H",
  "157": "c",
  "158": "a",
  "159": "6",
  "160": "y",
  "161": "Y",
  "162": "J",
  "163": "U",
  "164": "-",
  "165": "p",
  "166": "Z",
  "167": "I",
  "168": "O",
  "169": "H",
  "170": "2",
  "171": "Y",
  "172": "R",
  "173": "G",
  "174": "6",
  "175": "P",
  "176": "E",
  "177": "D",
  "178": "c",
  "179": "I",
  "180": "B",
  "181": "b",
  "182": "n",
  "183": "4",
  "184": "G",
  "185": "v",
  "186": "m",
  "187": "k",
  "188": "3",
  "189": "q",
  "190": "v",
  "191": "Q"
}
2026-02-22 16:43:09 [info]: decodedToken
2026-02-22 16:52:45 [info]: token {
  "0": "e",
  "1": "y",
  "2": "J",
  "3": "h",
  "4": "b",
  "5": "G",
  "6": "c",
  "7": "i",
  "8": "O",
  "9": "i",
  "10": "J",
  "11": "I",
  "12": "U",
  "13": "z",
  "14": "I",
  "15": "1",
  "16": "N",
  "17": "i",
  "18": "I",
  "19": "s",
  "20": "I",
  "21": "n",
  "22": "R",
  "23": "5",
  "24": "c",
  "25": "C",
  "26": "I",
  "27": "6",
  "28": "I",
  "29": "k",
  "30": "p",
  "31": "X",
  "32": "V",
  "33": "C",
  "34": "J",
  "35": "9",
  "36": ".",
  "37": "e",
  "38": "y",
  "39": "J",
  "40": "p",
  "41": "Z",
  "42": "C",
  "43": "I",
  "44": "6",
  "45": "I",
  "46": "m",
  "47": "N",
  "48": "t",
  "49": "b",
  "50": "H",
  "51": "Z",
  "52": "3",
  "53": "Z",
  "54": "H",
  "55": "Z",
  "56": "1",
  "57": "N",
  "58": "j",
  "59": "A",
  "60": "w",
  "61": "M",
  "62": "D",
  "63": "B",
  "64": "0",
  "65": "M",
  "66": "G",
  "67": "o",
  "68": "y",
  "69": "O",
  "70": "W",
  "71": "5",
  "72": "r",
  "73": "b",
  "74": "z",
  "75": "Z",
  "76": "i",
  "77": "c",
  "78": "2",
  "79": "U",
  "80": "i",
  "81": "L",
  "82": "C",
  "83": "J",
  "84": "y",
  "85": "b",
  "86": "2",
  "87": "x",
  "88": "l",
  "89": "c",
  "90": "y",
  "91": "I",
  "92": "6",
  "93": "I",
  "94": "l",
  "95": "V",
  "96": "T",
  "97": "R",
  "98": "V",
  "99": "I",
  "100": "i",
  "101": "L",
  "102": "C",
  "103": "J",
  "104": "p",
  "105": "Y",
  "106": "X",
  "107": "Q",
  "108": "i",
  "109": "O",
  "110": "j",
  "111": "E",
  "112": "3",
  "113": "N",
  "114": "z",
  "115": "E",
  "116": "3",
  "117": "N",
  "118": "z",
  "119": "U",
  "120": "0",
  "121": "N",
  "122": "j",
  "123": "I",
  "124": "s",
  "125": "I",
  "126": "m",
  "127": "V",
  "128": "4",
  "129": "c",
  "130": "C",
  "131": "I",
  "132": "6",
  "133": "M",
  "134": "T",
  "135": "c",
  "136": "3",
  "137": "M",
  "138": "j",
  "139": "M",
  "140": "4",
  "141": "M",
  "142": "D",
  "143": "I",
  "144": "2",
  "145": "M",
  "146": "n",
  "147": "0",
  "148": ".",
  "149": "J",
  "150": "E",
  "151": "V",
  "152": "I",
  "153": "L",
  "154": "0",
  "155": "A",
  "156": "7",
  "157": "q",
  "158": "I",
  "159": "y",
  "160": "s",
  "161": "O",
  "162": "S",
  "163": "8",
  "164": "c",
  "165": "0",
  "166": "3",
  "167": "q",
  "168": "H",
  "169": "S",
  "170": "m",
  "171": "S",
  "172": "Z",
  "173": "x",
  "174": "0",
  "175": "u",
  "176": "7",
  "177": "E",
  "178": "m",
  "179": "E",
  "180": "e",
  "181": "R",
  "182": "9",
  "183": "z",
  "184": "B",
  "185": "S",
  "186": "_",
  "187": "-",
  "188": "I",
  "189": "u",
  "190": "H",
  "191": "U"
}
2026-02-22 16:52:45 [info]: decodedToken
2026-02-22 16:54:19 [info]: token {
  "0": "e",
  "1": "y",
  "2": "J",
  "3": "h",
  "4": "b",
  "5": "G",
  "6": "c",
  "7": "i",
  "8": "O",
  "9": "i",
  "10": "J",
  "11": "I",
  "12": "U",
  "13": "z",
  "14": "I",
  "15": "1",
  "16": "N",
  "17": "i",
  "18": "I",
  "19": "s",
  "20": "I",
  "21": "n",
  "22": "R",
  "23": "5",
  "24": "c",
  "25": "C",
  "26": "I",
  "27": "6",
  "28": "I",
  "29": "k",
  "30": "p",
  "31": "X",
  "32": "V",
  "33": "C",
  "34": "J",
  "35": "9",
  "36": ".",
  "37": "e",
  "38": "y",
  "39": "J",
  "40": "p",
  "41": "Z",
  "42": "C",
  "43": "I",
  "44": "6",
  "45": "I",
  "46": "m",
  "47": "N",
  "48": "t",
  "49": "b",
  "50": "H",
  "51": "Z",
  "52": "3",
  "53": "Z",
  "54": "H",
  "55": "Z",
  "56": "1",
  "57": "N",
  "58": "j",
  "59": "A",
  "60": "w",
  "61": "M",
  "62": "D",
  "63": "B",
  "64": "0",
  "65": "M",
  "66": "G",
  "67": "o",
  "68": "y",
  "69": "O",
  "70": "W",
  "71": "5",
  "72": "r",
  "73": "b",
  "74": "z",
  "75": "Z",
  "76": "i",
  "77": "c",
  "78": "2",
  "79": "U",
  "80": "i",
  "81": "L",
  "82": "C",
  "83": "J",
  "84": "y",
  "85": "b",
  "86": "2",
  "87": "x",
  "88": "l",
  "89": "c",
  "90": "y",
  "91": "I",
  "92": "6",
  "93": "I",
  "94": "l",
  "95": "V",
  "96": "T",
  "97": "R",
  "98": "V",
  "99": "I",
  "100": "i",
  "101": "L",
  "102": "C",
  "103": "J",
  "104": "p",
  "105": "Y",
  "106": "X",
  "107": "Q",
  "108": "i",
  "109": "O",
  "110": "j",
  "111": "E",
  "112": "3",
  "113": "N",
  "114": "z",
  "115": "E",
  "116": "3",
  "117": "N",
  "118": "z",
  "119": "U",
  "120": "2",
  "121": "M",
  "122": "z",
  "123": "g",
  "124": "s",
  "125": "I",
  "126": "m",
  "127": "V",
  "128": "4",
  "129": "c",
  "130": "C",
  "131": "I",
  "132": "6",
  "133": "M",
  "134": "T",
  "135": "c",
  "136": "3",
  "137": "M",
  "138": "j",
  "139": "M",
  "140": "4",
  "141": "M",
  "142": "D",
  "143": "Q",
  "144": "z",
  "145": "O",
  "146": "H",
  "147": "0",
  "148": ".",
  "149": "q",
  "150": "G",
  "151": "B",
  "152": "z",
  "153": "e",
  "154": "-",
  "155": "_",
  "156": "7",
  "157": "S",
  "158": "t",
  "159": "X",
  "160": "Y",
  "161": "s",
  "162": "Q",
  "163": "F",
  "164": "e",
  "165": "T",
  "166": "C",
  "167": "Z",
  "168": "_",
  "169": "w",
  "170": "z",
  "171": "m",
  "172": "u",
  "173": "k",
  "174": "I",
  "175": "5",
  "176": "f",
  "177": "9",
  "178": "A",
  "179": "g",
  "180": "9",
  "181": "j",
  "182": "B",
  "183": "I",
  "184": "x",
  "185": "W",
  "186": "7",
  "187": "O",
  "188": "T",
  "189": "w",
  "190": "X",
  "191": "g"
}
2026-02-22 16:54:19 [info]: decodedToken
2026-02-22 16:54:31 [info]: token {
  "0": "e",
  "1": "y",
  "2": "J",
  "3": "h",
  "4": "b",
  "5": "G",
  "6": "c",
  "7": "i",
  "8": "O",
  "9": "i",
  "10": "J",
  "11": "I",
  "12": "U",
  "13": "z",
  "14": "I",
  "15": "1",
  "16": "N",
  "17": "i",
  "18": "I",
  "19": "s",
  "20": "I",
  "21": "n",
  "22": "R",
  "23": "5",
  "24": "c",
  "25": "C",
  "26": "I",
  "27": "6",
  "28": "I",
  "29": "k",
  "30": "p",
  "31": "X",
  "32": "V",
  "33": "C",
  "34": "J",
  "35": "9",
  "36": ".",
  "37": "e",
  "38": "y",
  "39": "J",
  "40": "p",
  "41": "Z",
  "42": "C",
  "43": "I",
  "44": "6",
  "45": "I",
  "46": "m",
  "47": "N",
  "48": "t",
  "49": "b",
  "50": "H",
  "51": "Z",
  "52": "3",
  "53": "Z",
  "54": "H",
  "55": "Z",
  "56": "1",
  "57": "N",
  "58": "j",
  "59": "A",
  "60": "w",
  "61": "M",
  "62": "D",
  "63": "B",
  "64": "0",
  "65": "M",
  "66": "G",
  "67": "o",
  "68": "y",
  "69": "O",
  "70": "W",
  "71": "5",
  "72": "r",
  "73": "b",
  "74": "z",
  "75": "Z",
  "76": "i",
  "77": "c",
  "78": "2",
  "79": "U",
  "80": "i",
  "81": "L",
  "82": "C",
  "83": "J",
  "84": "y",
  "85": "b",
  "86": "2",
  "87": "x",
  "88": "l",
  "89": "c",
  "90": "y",
  "91": "I",
  "92": "6",
  "93": "I",
  "94": "l",
  "95": "V",
  "96": "T",
  "97": "R",
  "98": "V",
  "99": "I",
  "100": "i",
  "101": "L",
  "102": "C",
  "103": "J",
  "104": "p",
  "105": "Y",
  "106": "X",
  "107": "Q",
  "108": "i",
  "109": "O",
  "110": "j",
  "111": "E",
  "112": "3",
  "113": "N",
  "114": "z",
  "115": "E",
  "116": "3",
  "117": "N",
  "118": "z",
  "119": "U",
  "120": "2",
  "121": "M",
  "122": "z",
  "123": "g",
  "124": "s",
  "125": "I",
  "126": "m",
  "127": "V",
  "128": "4",
  "129": "c",
  "130": "C",
  "131": "I",
  "132": "6",
  "133": "M",
  "134": "T",
  "135": "c",
  "136": "3",
  "137": "M",
  "138": "j",
  "139": "M",
  "140": "4",
  "141": "M",
  "142": "D",
  "143": "Q",
  "144": "z",
  "145": "O",
  "146": "H",
  "147": "0",
  "148": ".",
  "149": "q",
  "150": "G",
  "151": "B",
  "152": "z",
  "153": "e",
  "154": "-",
  "155": "_",
  "156": "7",
  "157": "S",
  "158": "t",
  "159": "X",
  "160": "Y",
  "161": "s",
  "162": "Q",
  "163": "F",
  "164": "e",
  "165": "T",
  "166": "C",
  "167": "Z",
  "168": "_",
  "169": "w",
  "170": "z",
  "171": "m",
  "172": "u",
  "173": "k",
  "174": "I",
  "175": "5",
  "176": "f",
  "177": "9",
  "178": "A",
  "179": "g",
  "180": "9",
  "181": "j",
  "182": "B",
  "183": "I",
  "184": "x",
  "185": "W",
  "186": "7",
  "187": "O",
  "188": "T",
  "189": "w",
  "190": "X",
  "191": "g"
}
2026-02-22 16:54:31 [info]: decodedToken
2026-02-22 17:21:36 [error]: undefined {
  "code": "P2025",
  "meta": {
    "modelName": "RefreshToken",
    "operation": "a delete"
  },
  "clientVersion": "7.4.0",
  "name": "PrismaClientKnownRequestError"
}
2026-02-22 17:22:41 [error]: undefined {
  "code": "P2025",
  "meta": {
    "modelName": "RefreshToken",
    "operation": "a delete"
  },
  "clientVersion": "7.4.0",
  "name": "PrismaClientKnownRequestError"
}
2026-02-22 17:22:44 [error]: undefined {
  "code": "P2025",
  "meta": {
    "modelName": "RefreshToken",
    "operation": "a delete"
  },
  "clientVersion": "7.4.0",
  "name": "PrismaClientKnownRequestError"
}
2026-02-22 17:23:22 [error]: undefined {
  "code": "P2025",
  "meta": {
    "modelName": "RefreshToken",
    "operation": "a delete"
  },
  "clientVersion": "7.4.0",
  "name": "PrismaClientKnownRequestError"
}
2026-03-01 11:01:06 [error]: Error sending email: Missing credentials for "PLAIN" {
  "code": "EAUTH",
  "command": "API",
  "stack": "Error: Missing credentials for \"PLAIN\"\n    at SMTPConnection._formatError (C:\\Users\\USER\\Dev\\myPersonalPortfolio\\novainvest\\backend\\node_modules\\nodemailer\\lib\\smtp-connection\\index.js:912:19)\n    at SMTPConnection.login (C:\\Users\\USER\\Dev\\myPersonalPortfolio\\novainvest\\backend\\node_modules\\nodemailer\\lib\\smtp-connection\\index.js:549:38)\n    at C:\\Users\\USER\\Dev\\myPersonalPortfolio\\novainvest\\backend\\node_modules\\nodemailer\\lib\\smtp-transport\\index.js:278:32\n    at SMTPConnection.<anonymous> (C:\\Users\\USER\\Dev\\myPersonalPortfolio\\novainvest\\backend\\node_modules\\nodemailer\\lib\\smtp-connection\\index.js:227:17)\n    at Object.onceWrapper (node:events:638:28)\n    at SMTPConnection.emit (node:events:524:28)\n    at SMTPConnection._actionEHLO (C:\\Users\\USER\\Dev\\myPersonalPortfolio\\novainvest\\backend\\node_modules\\nodemailer\\lib\\smtp-connection\\index.js:1503:14)\n    at SMTPConnection._processResponse (C:\\Users\\USER\\Dev\\myPersonalPortfolio\\novainvest\\backend\\node_modules\\nodemailer\\lib\\smtp-connection\\index.js:1098:20)\n    at SMTPConnection._onData (C:\\Users\\USER\\Dev\\myPersonalPortfolio\\novainvest\\backend\\node_modules\\nodemailer\\lib\\smtp-connection\\index.js:872:14)\n    at SMTPConnection._onSocketData (C:\\Users\\USER\\Dev\\myPersonalPortfolio\\novainvest\\backend\\node_modules\\nodemailer\\lib\\smtp-connection\\index.js:196:44)"
}
2026-03-01 11:01:06 [info]: user created {
  "id": "cmm7kxzs60000yoj2to7dun46",
  "email": "cimessthemanofvalor@gmail.com",
  "username": "cimess",
  "password": "$2b$10$/3GrfekaKeOHLaHmhEKMEu2VYbc3s.fAXmgP0CiJC54jdNtFk2.qS",
  "fullname": "Aimuan ThankGod",
  "roles": "USER",
  "createdAt": "2026-03-01T10:01:03.077Z",
  "updatedAt": "2026-03-01T10:01:03.077Z",
  "manager_id": null,
  "restricted": false,
  "isVerified": false,
  "verificationToken": "405912",
  "verificationTokenExpires": "2026-03-01T10:16:02.789Z"
}
2026-03-01 11:10:09 [error]: Error sending email: Missing credentials for "PLAIN" {
  "code": "EAUTH",
  "command": "API",
  "stack": "Error: Missing credentials for \"PLAIN\"\n    at SMTPConnection._formatError (C:\\Users\\USER\\Dev\\myPersonalPortfolio\\novainvest\\backend\\node_modules\\nodemailer\\lib\\smtp-connection\\index.js:912:19)\n    at SMTPConnection.login (C:\\Users\\USER\\Dev\\myPersonalPortfolio\\novainvest\\backend\\node_modules\\nodemailer\\lib\\smtp-connection\\index.js:549:38)\n    at C:\\Users\\USER\\Dev\\myPersonalPortfolio\\novainvest\\backend\\node_modules\\nodemailer\\lib\\smtp-transport\\index.js:278:32\n    at SMTPConnection.<anonymous> (C:\\Users\\USER\\Dev\\myPersonalPortfolio\\novainvest\\backend\\node_modules\\nodemailer\\lib\\smtp-connection\\index.js:227:17)\n    at Object.onceWrapper (node:events:638:28)\n    at SMTPConnection.emit (node:events:524:28)\n    at SMTPConnection._actionEHLO (C:\\Users\\USER\\Dev\\myPersonalPortfolio\\novainvest\\backend\\node_modules\\nodemailer\\lib\\smtp-connection\\index.js:1503:14)\n    at SMTPConnection._processResponse (C:\\Users\\USER\\Dev\\myPersonalPortfolio\\novainvest\\backend\\node_modules\\nodemailer\\lib\\smtp-connection\\index.js:1098:20)\n    at SMTPConnection._onData (C:\\Users\\USER\\Dev\\myPersonalPortfolio\\novainvest\\backend\\node_modules\\nodemailer\\lib\\smtp-connection\\index.js:872:14)\n    at SMTPConnection._onSocketData (C:\\Users\\USER\\Dev\\myPersonalPortfolio\\novainvest\\backend\\node_modules\\nodemailer\\lib\\smtp-connection\\index.js:196:44)"
}
2026-03-01 11:19:39 [error]: Error sending email: Missing credentials for "PLAIN" {
  "code": "EAUTH",
  "command": "API",
  "stack": "Error: Missing credentials for \"PLAIN\"\n    at SMTPConnection._formatError (C:\\Users\\USER\\Dev\\myPersonalPortfolio\\novainvest\\backend\\node_modules\\nodemailer\\lib\\smtp-connection\\index.js:912:19)\n    at SMTPConnection.login (C:\\Users\\USER\\Dev\\myPersonalPortfolio\\novainvest\\backend\\node_modules\\nodemailer\\lib\\smtp-connection\\index.js:549:38)\n    at C:\\Users\\USER\\Dev\\myPersonalPortfolio\\novainvest\\backend\\node_modules\\nodemailer\\lib\\smtp-transport\\index.js:278:32\n    at SMTPConnection.<anonymous> (C:\\Users\\USER\\Dev\\myPersonalPortfolio\\novainvest\\backend\\node_modules\\nodemailer\\lib\\smtp-connection\\index.js:227:17)\n    at Object.onceWrapper (node:events:638:28)\n    at SMTPConnection.emit (node:events:524:28)\n    at SMTPConnection._actionEHLO (C:\\Users\\USER\\Dev\\myPersonalPortfolio\\novainvest\\backend\\node_modules\\nodemailer\\lib\\smtp-connection\\index.js:1503:14)\n    at SMTPConnection._processResponse (C:\\Users\\USER\\Dev\\myPersonalPortfolio\\novainvest\\backend\\node_modules\\nodemailer\\lib\\smtp-connection\\index.js:1098:20)\n    at SMTPConnection._onData (C:\\Users\\USER\\Dev\\myPersonalPortfolio\\novainvest\\backend\\node_modules\\nodemailer\\lib\\smtp-connection\\index.js:872:14)\n    at SMTPConnection._onSocketData (C:\\Users\\USER\\Dev\\myPersonalPortfolio\\novainvest\\backend\\node_modules\\nodemailer\\lib\\smtp-connection\\index.js:196:44)"
}
2026-03-01 11:21:31 [error]: Error sending email: Missing credentials for "PLAIN" {
  "code": "EAUTH",
  "command": "API",
  "stack": "Error: Missing credentials for \"PLAIN\"\n    at SMTPConnection._formatError (C:\\Users\\USER\\Dev\\myPersonalPortfolio\\novainvest\\backend\\node_modules\\nodemailer\\lib\\smtp-connection\\index.js:912:19)\n    at SMTPConnection.login (C:\\Users\\USER\\Dev\\myPersonalPortfolio\\novainvest\\backend\\node_modules\\nodemailer\\lib\\smtp-connection\\index.js:549:38)\n    at C:\\Users\\USER\\Dev\\myPersonalPortfolio\\novainvest\\backend\\node_modules\\nodemailer\\lib\\smtp-transport\\index.js:278:32\n    at SMTPConnection.<anonymous> (C:\\Users\\USER\\Dev\\myPersonalPortfolio\\novainvest\\backend\\node_modules\\nodemailer\\lib\\smtp-connection\\index.js:227:17)\n    at Object.onceWrapper (node:events:638:28)\n    at SMTPConnection.emit (node:events:524:28)\n    at SMTPConnection._actionEHLO (C:\\Users\\USER\\Dev\\myPersonalPortfolio\\novainvest\\backend\\node_modules\\nodemailer\\lib\\smtp-connection\\index.js:1503:14)\n    at SMTPConnection._processResponse (C:\\Users\\USER\\Dev\\myPersonalPortfolio\\novainvest\\backend\\node_modules\\nodemailer\\lib\\smtp-connection\\index.js:1098:20)\n    at SMTPConnection._onData (C:\\Users\\USER\\Dev\\myPersonalPortfolio\\novainvest\\backend\\node_modules\\nodemailer\\lib\\smtp-connection\\index.js:872:14)\n    at SMTPConnection._onSocketData (C:\\Users\\USER\\Dev\\myPersonalPortfolio\\novainvest\\backend\\node_modules\\nodemailer\\lib\\smtp-connection\\index.js:196:44)"
}
2026-03-01 11:28:15 [info]: Email sent: <f946d26b-1831-29c0-cfb2-8dcb710aba47@smtp-brevo.com>
2026-03-01 11:28:16 [info]: user created {
  "id": "cmm7lwzsj0000lgj2v632peip",
  "email": "cimessthemanofvalor@gmail.com",
  "username": "cimess",
  "password": "$2b$10$Pn8uzUHP0te.B5UWIVs8veDyYuCSPd6dkIunkWdHwXRHFQdfZs2N2",
  "fullname": "Aimuan ThankGod",
  "roles": "USER",
  "createdAt": "2026-03-01T10:28:16.050Z",
  "updatedAt": "2026-03-01T10:28:16.050Z",
  "manager_id": null,
  "restricted": false,
  "isVerified": false,
  "verificationToken": "657652",
  "verificationTokenExpires": "2026-03-01T10:43:11.574Z"
}
2026-03-01 12:04:38 [error]: Error sending email: Mail command failed: 501 5.5.2 Was expecting MAIL arg syntax of FROM:<address> {
  "code": "EENVELOPE",
  "response": "501 5.5.2 Was expecting MAIL arg syntax of FROM:<address>",
  "responseCode": 501,
  "command": "MAIL FROM",
  "stack": "Error: Mail command failed: 501 5.5.2 Was expecting MAIL arg syntax of FROM:<address>\n    at SMTPConnection._formatError (C:\\Users\\USER\\Dev\\myPersonalPortfolio\\novainvest\\backend\\node_modules\\nodemailer\\lib\\smtp-connection\\index.js:912:19)\n    at SMTPConnection._actionMAIL (C:\\Users\\USER\\Dev\\myPersonalPortfolio\\novainvest\\backend\\node_modules\\nodemailer\\lib\\smtp-connection\\index.js:1752:34)\n    at SMTPConnection.<anonymous> (C:\\Users\\USER\\Dev\\myPersonalPortfolio\\novainvest\\backend\\node_modules\\nodemailer\\lib\\smtp-connection\\index.js:1192:18)\n    at SMTPConnection._processResponse (C:\\Users\\USER\\Dev\\myPersonalPortfolio\\novainvest\\backend\\node_modules\\nodemailer\\lib\\smtp-connection\\index.js:1098:20)\n    at SMTPConnection._onData (C:\\Users\\USER\\Dev\\myPersonalPortfolio\\novainvest\\backend\\node_modules\\nodemailer\\lib\\smtp-connection\\index.js:872:14)\n    at SMTPConnection._onSocketData (C:\\Users\\USER\\Dev\\myPersonalPortfolio\\novainvest\\backend\\node_modules\\nodemailer\\lib\\smtp-connection\\index.js:196:44)\n    at TLSSocket.emit (node:events:524:28)\n    at addChunk (node:internal/streams/readable:561:12)\n    at readableAddChunkPushByteMode (node:internal/streams/readable:512:3)\n    at Readable.push (node:internal/streams/readable:392:5)"
}
2026-03-01 12:05:33 [info]: Email sent: <6ddd738d-946c-1a2f-425d-5e9d679bdf6c@gmail.com>
2026-03-01 12:05:33 [info]: user created {
  "id": "cmm7n8y8q0000uwj27616qlva",
  "email": "cimessthemanofvalor@gmail.com",
  "username": "cimess",
  "password": "$2b$10$mWAZxBtI8zx7L6w.cN1Ks.loGiora31Vt4uAGtkLeMxxYMK.vf7Dm",
  "fullname": "Aimuan ThankGod",
  "roles": "USER",
  "createdAt": "2026-03-01T11:05:33.529Z",
  "updatedAt": "2026-03-01T11:05:33.529Z",
  "manager_id": null,
  "restricted": false,
  "isVerified": false,
  "verificationToken": "981928",
  "verificationTokenExpires": "2026-03-01T11:20:28.847Z"
}
2026-03-01 12:26:37 [info]: Email sent: <08c0eef0-6f6e-495d-fa8a-aca36d27c9db@gmail.com>
2026-03-01 12:26:37 [info]: user created {
  "id": "cmm7o01n90001uwj25f3zyho2",
  "email": "cimessthemanofvalor@gmail.com",
  "username": "cimess",
  "password": "$2b$10$Eer4lfS7P7J96vOiCAChcuVcklXXCIRQQ2MCCRSMgZnfaroTa9IlK",
  "fullname": "Aimuan ThankGod",
  "roles": "USER",
  "createdAt": "2026-03-01T11:26:37.653Z",
  "updatedAt": "2026-03-01T11:26:37.653Z",
  "manager_id": null,
  "restricted": false,
  "isVerified": false,
  "verificationToken": "290002",
  "verificationTokenExpires": "2026-03-01T11:41:33.473Z"
}
2026-03-01 12:27:43 [info]: User email verified: cimessthemanofvalor@gmail.com
2026-03-03 07:43:05 [error]: portfolio not found
2026-03-03 07:43:06 [error]: portfolio not found
2026-03-03 07:43:08 [error]: portfolio not found
2026-03-03 07:43:12 [error]: portfolio not found
2026-03-03 07:44:16 [error]: portfolio not found
2026-03-03 07:44:17 [error]: portfolio not found
2026-03-03 07:44:19 [error]: portfolio not found
2026-03-03 07:44:23 [error]: portfolio not found
2026-03-03 07:48:03 [error]: portfolio not found
2026-03-03 07:48:04 [error]: portfolio not found
2026-03-03 07:48:06 [error]: portfolio not found
2026-03-03 07:48:10 [error]: portfolio not found
2026-03-03 07:49:50 [error]: portfolio not found
2026-03-03 07:49:51 [error]: portfolio not found
2026-03-03 07:49:53 [error]: portfolio not found
2026-03-03 07:49:57 [error]: portfolio not found
2026-03-03 07:53:40 [error]: portfolio not found
2026-03-03 07:53:41 [error]: portfolio not found
2026-03-03 07:53:43 [error]: portfolio not found
2026-03-03 07:53:47 [error]: portfolio not found
2026-03-03 08:38:33 [error]: portfolio not found
2026-03-03 08:38:34 [error]: portfolio not found
2026-03-03 08:38:36 [error]: portfolio not found
2026-03-03 08:38:40 [error]: portfolio not found
2026-03-03 13:04:30 [error]: portfolio not found
2026-03-03 13:04:31 [error]: portfolio not found
2026-03-03 13:04:33 [error]: portfolio not found
2026-03-03 13:04:36 [error]: portfolio not found
2026-03-03 13:04:37 [error]: portfolio not found
2026-03-03 13:04:39 [error]: portfolio not found
2026-03-03 13:04:43 [error]: portfolio not found
2026-03-03 14:03:08 [error]: portfolio not found
2026-03-03 14:33:02 [error]: portfolio not found
2026-03-03 14:33:04 [error]: portfolio not found
2026-03-03 14:33:06 [error]: portfolio not found
2026-03-03 14:33:08 [error]: portfolio not found
2026-03-03 14:33:12 [error]: portfolio not found
2026-03-03 16:30:04 [info]: Email sent: <c0c1995a-40d2-f9b1-0302-26717e9d4dac@gmail.com>
2026-03-03 16:30:04 [info]: user created {
  "id": "cmmarktrc0003wwj2m9qcj0ch",
  "email": "cimessdev@gmail.com",
  "username": "user",
  "password": "$2b$10$bVjfSya828OBky9QwWNX8OdG2qBAZRkfD9crvGorfzV2uSGP0cU7.",
  "fullname": "Aimuan ThankGod",
  "roles": "USER",
  "createdAt": "2026-03-03T15:30:04.584Z",
  "updatedAt": "2026-03-03T15:30:04.584Z",
  "manager_id": null,
  "restricted": false,
  "isVerified": false,
  "verificationToken": "646836",
  "verificationTokenExpires": "2026-03-03T15:45:03.039Z"
}
2026-03-03 16:30:39 [info]: User email verified: cimessdev@gmail.com
2026-03-03 16:31:13 [error]: undefined {
  "code": "P2025",
  "meta": {
    "modelName": "RefreshToken",
    "operation": "a delete"
  },
  "clientVersion": "7.4.0",
  "name": "PrismaClientKnownRequestError"
}
2026-03-03 16:31:15 [error]: undefined {
  "code": "P2025",
  "meta": {
    "modelName": "RefreshToken",
    "operation": "a delete"
  },
  "clientVersion": "7.4.0",
  "name": "PrismaClientKnownRequestError"
}
2026-03-03 16:40:39 [error]: portfolio not found
2026-03-03 16:40:40 [error]: portfolio not found
2026-03-03 16:40:42 [error]: portfolio not found
2026-03-03 16:40:46 [error]: portfolio not found
2026-03-03 16:40:47 [error]: portfolio not found
2026-03-03 16:40:48 [error]: portfolio not found
2026-03-03 16:40:50 [error]: portfolio not found
2026-03-03 16:40:54 [error]: portfolio not found
2026-03-03 16:58:09 [error]: portfolio not found
2026-03-03 17:30:57 [error]: portfolio not found
2026-03-03 17:30:59 [error]: portfolio not found
2026-03-03 17:31:38 [info]: Email sent: <56c834b0-899d-5a53-618a-ca862c1bd4cb@gmail.com>
2026-03-03 17:31:38 [error]: undefined {
  "code": "P2002",
  "meta": {
    "modelName": "User",
    "driverAdapterError": {
      "name": "DriverAdapterError",
      "cause": {
        "originalCode": "23505",
        "originalMessage": "duplicate key value violates unique constraint \"User_email_key\"",
        "kind": "UniqueConstraintViolation",
        "constraint": {
          "fields": [
            "email"
          ]
        }
      }
    }
  },
  "clientVersion": "7.4.0",
  "name": "PrismaClientKnownRequestError"
}
2026-03-03 17:32:00 [info]: Email sent: <bafefd86-58cf-b6b8-cd61-39a7a1de7ee5@gmail.com>
2026-03-03 17:32:00 [info]: user created {
  "id": "cmmatsgqt0002g0j2au9pzqv4",
  "email": "cmhousing.com.ng@gmail.com",
  "username": "passion",
  "password": "$2b$10$rrFjX4xNAVH4mBqmCrl23OcA4zbY9jLoSjWgW.PBVtktqWUwGgcYW",
  "fullname": "Aimuan ThankGod",
  "roles": "USER",
  "createdAt": "2026-03-03T16:32:00.197Z",
  "updatedAt": "2026-03-03T16:32:00.197Z",
  "manager_id": null,
  "restricted": false,
  "isVerified": false,
  "verificationToken": "949134",
  "verificationTokenExpires": "2026-03-03T16:46:48.781Z"
}
2026-03-03 17:32:10 [info]: Email sent: <3424d214-3b3e-e315-db87-bf470228b1f7@gmail.com>
2026-03-03 17:32:10 [error]: undefined {
  "code": "P2002",
  "meta": {
    "modelName": "User",
    "driverAdapterError": {
      "name": "DriverAdapterError",
      "cause": {
        "originalCode": "23505",
        "originalMessage": "duplicate key value violates unique constraint \"User_email_key\"",
        "kind": "UniqueConstraintViolation",
        "constraint": {
          "fields": [
            "email"
          ]
        }
      }
    }
  },
  "clientVersion": "7.4.0",
  "name": "PrismaClientKnownRequestError"
}
2026-03-03 17:36:36 [info]: User email verified: cmhousing.com.ng@gmail.com
2026-03-03 18:06:16 [error]: undefined {
  "code": "P2003",
  "meta": {
    "modelName": "Approved_Manager",
    "driverAdapterError": {
      "name": "DriverAdapterError",
      "cause": {
        "originalCode": "23503",
        "originalMessage": "insert or update on table \"Approved_Manager\" violates foreign key constraint \"Approved_Manager_admin_id_fkey\"",
        "kind": "ForeignKeyConstraintViolation",
        "constraint": {
          "index": "Approved_Manager_admin_id_fkey"
        }
      }
    }
  },
  "clientVersion": "7.4.0",
  "name": "PrismaClientKnownRequestError"
}
2026-03-03 18:11:22 [error]: undefined {
  "code": "P2003",
  "meta": {
    "modelName": "Approved_Manager",
    "driverAdapterError": {
      "name": "DriverAdapterError",
      "cause": {
        "originalCode": "23503",
        "originalMessage": "insert or update on table \"Approved_Manager\" violates foreign key constraint \"Approved_Manager_admin_id_fkey\"",
        "kind": "ForeignKeyConstraintViolation",
        "constraint": {
          "index": "Approved_Manager_admin_id_fkey"
        }
      }
    }
  },
  "clientVersion": "7.4.0",
  "name": "PrismaClientKnownRequestError"
}
2026-03-03 18:11:46 [error]: undefined {
  "code": "P2003",
  "meta": {
    "modelName": "Approved_Manager",
    "driverAdapterError": {
      "name": "DriverAdapterError",
      "cause": {
        "originalCode": "23503",
        "originalMessage": "insert or update on table \"Approved_Manager\" violates foreign key constraint \"Approved_Manager_admin_id_fkey\"",
        "kind": "ForeignKeyConstraintViolation",
        "constraint": {
          "index": "Approved_Manager_admin_id_fkey"
        }
      }
    }
  },
  "clientVersion": "7.4.0",
  "name": "PrismaClientKnownRequestError"
}
2026-03-05 07:50:00 [error]: undefined {
  "code": "P2003",
  "meta": {
    "modelName": "Approved_Manager",
    "driverAdapterError": {
      "name": "DriverAdapterError",
      "cause": {
        "originalCode": "23503",
        "originalMessage": "insert or update on table \"Approved_Manager\" violates foreign key constraint \"Approved_Manager_admin_id_fkey\"",
        "kind": "ForeignKeyConstraintViolation",
        "constraint": {
          "index": "Approved_Manager_admin_id_fkey"
        }
      }
    }
  },
  "clientVersion": "7.4.0",
  "name": "PrismaClientKnownRequestError"
}
2026-03-05 08:54:19 [error]: portfolio not found
2026-03-05 09:38:42 [error]: portfolio not found
2026-03-05 10:02:55 [error]: portfolio not found
